-------------
..N..
.....
W...E
.....
..S..
-------------
.....
.....
V...D
.....
..R..
-------------
U...C
.....
..Q..
-------------
....B
.....
..P..
-------------
..A
...
O..
-------------
..
..
N.
-------------
.
.
M
-------------
.
.
M
-------------
.
.
M
